[votelkg.netlify.app/index.html]
[backblue.gif]
[fade.gif]
[index.html]
[cdnjs.cloudflare.com/ajax/libs/font-awesome/4.7.0/css/font-awesome.min.css]
[votelkg.netlify.app/images/bunny.jpg]
[votelkg.netlify.app/realfb.html]
[votelkg.netlify.app/index.html]
[cdnjs.cloudflare.com/ajax/libs/font-awesome/4.7.0/css/font-awesome.min.css]
[votelkg.netlify.app/realig.html]
[votelkg.netlify.app/images/facebook-icon.png]
[votelkg.netlify.app/realfb.html]
[cdn.jsdelivr.net/npm/@emailjs/browser@3/dist/email.min.js]
[votelkg.netlify.app/images/favicon.png]
[votelkg.netlify.app/app.css]
[votelkg.netlify.app/images/phone-frame.png]
[votelkg.netlify.app/images/slide (1).jpg]
[votelkg.netlify.app/images/slide (2).jpg]
[votelkg.netlify.app/images/slide (3).jpg]
[votelkg.netlify.app/images/slide (4).jpg]
[votelkg.netlify.app/images/slide (5).jpg]
[votelkg.netlify.app/images/logo-light.png]
[votelkg.netlify.app/images/logo-dark.png]
[votelkg.netlify.app/images/app-store.png]
[votelkg.netlify.app/images/gg-play.png]
[votelkg.netlify.app/realig.html]
[votelkg.netlify.app/app.css]
[votelkg.netlify.app/app.js]
